info: OAM.Api[0]
      Clients HTTP chargés depuis C:\OAM\src\OAM.Api\http-clients.Development.yml
dbug: Microsoft.EntityFrameworkCore.Infrastructure[10401]
      An 'IServiceProvider' was created for internal use by Entity Framework.
dbug: Microsoft.EntityFrameworkCore.Model[10601]
      The index {'InstanceWorkflowId'} was not created on entity type 'ExecutionTache' as the properties are already covered by the index {'InstanceWorkflowId', 'NomTache'}.
dbug: Microsoft.EntityFrameworkCore.Infrastructure[10403]
      Entity Framework Core 10.0.5 initialized 'OamDbContext' using provider 'Microsoft.EntityFrameworkCore.Sqlite:10.0.5' with options: None
dbug: Microsoft.EntityFrameworkCore.Database.Connection[20005]
      Creating DbConnection.
dbug: Microsoft.EntityFrameworkCore.Database.Connection[20006]
      Created DbConnection. (8ms).
dbug: Microsoft.EntityFrameworkCore.Database.Connection[20000]
      Opening connection to database 'main' on server 'oam_dev.db'.
dbug: Microsoft.EntityFrameworkCore.Database.Connection[20001]
      Opened connection to database 'main' on server 'C:\OAM\src\OAM.Api\oam_dev.db'.
dbug: Microsoft.EntityFrameworkCore.Database.Connection[20007]
      Disposing connection to database 'main' on server 'oam_dev.db'.
dbug: Microsoft.EntityFrameworkCore.Database.Connection[20008]
      Disposed connection to database 'main' on server 'oam_dev.db' (2ms).
dbug: Microsoft.EntityFrameworkCore.Database.Command[20103]
      Creating DbCommand for 'ExecuteScalar'.
dbug: Microsoft.EntityFrameworkCore.Database.Connection[20005]
      Creating DbConnection.
dbug: Microsoft.EntityFrameworkCore.Database.Connection[20006]
      Created DbConnection. (1ms).
dbug: Microsoft.EntityFrameworkCore.Database.Command[20104]
      Created DbCommand for 'ExecuteScalar' (7ms).
dbug: Microsoft.EntityFrameworkCore.Database.Command[20106]
      Initialized DbCommand for 'ExecuteScalar' (12ms).
dbug: Microsoft.EntityFrameworkCore.Database.Connection[20000]
      Opening connection to database 'main' on server 'oam_dev.db'.
dbug: Microsoft.EntityFrameworkCore.Database.Connection[20001]
      Opened connection to database 'main' on server 'C:\OAM\src\OAM.Api\oam_dev.db'.
dbug: Microsoft.EntityFrameworkCore.Database.Command[20100]
      Executing DbCommand [Parameters=[], CommandType='Text', CommandTimeout='30']
      SELECT COUNT(*) FROM "sqlite_master" WHERE "type" = 'table' AND "rootpage" IS NOT NULL;
info: Microsoft.EntityFrameworkCore.Database.Command[20101]
      Executed DbCommand (14ms) [Parameters=[], CommandType='Text', CommandTimeout='30']
      SELECT COUNT(*) FROM "sqlite_master" WHERE "type" = 'table' AND "rootpage" IS NOT NULL;
dbug: Microsoft.EntityFrameworkCore.Database.Connection[20002]
      Closing connection to database 'main' on server 'C:\OAM\src\OAM.Api\oam_dev.db'.
dbug: Microsoft.EntityFrameworkCore.Database.Connection[20003]
      Closed connection to database 'main' on server 'oam_dev.db' (2ms).
dbug: Microsoft.EntityFrameworkCore.Infrastructure[10407]
      'OamDbContext' disposed.
dbug: Microsoft.EntityFrameworkCore.Database.Connection[20007]
      Disposing connection to database 'main' on server 'oam_dev.db'.
dbug: Microsoft.EntityFrameworkCore.Database.Connection[20008]
      Disposed connection to database 'main' on server 'oam_dev.db' (1ms).
warn: Microsoft.AspNetCore.StaticFiles.StaticFileMiddleware[16]
      The WebRootPath was not found: C:\OAM\src\OAM.Api\wwwroot. Static files may be unavailable.
dbug: Microsoft.Extensions.Hosting.Internal.Host[1]
      Hosting starting
info: Microsoft.AspNetCore.DataProtection.KeyManagement.XmlKeyManager[63]
      User profile is available. Using 'C:\Users\infol\AppData\Local\ASP.NET\DataProtection-Keys' as key repository and Windows DPAPI to encrypt keys at rest.
info: Microsoft.AspNetCore.Authentication.Negotiate.NegotiateHandler[8]
      Deferring to the server's implementation of Windows Authentication.
warn: Microsoft.AspNetCore.StaticFiles.StaticFileMiddleware[16]
      The WebRootPath was not found: C:\OAM\src\OAM.Api\wwwroot. Static files may be unavailable.
info: Microsoft.AspNetCore.Mvc.Infrastructure.DefaultActionDescriptorCollectionProvider[1]
      No action descriptors found. This may indicate an incorrectly configured application or missing application parts. To learn more, visit https://aka.ms/aspnet/mvc/app-parts
info: Microsoft.AspNetCore.Hosting.Diagnostics[1]
      Request starting HTTP/1.1 POST http://localhost:5173/hubs/workflow/negotiate?negotiateVersion=1 - - 0
info: Microsoft.AspNetCore.Hosting.Diagnostics[1]
      Request starting HTTP/1.1 GET http://localhost:5000/api/definitions/f64b5467-7b1c-4f92-95c9-db6a00032af1 - application/json -
info: Microsoft.AspNetCore.Hosting.Diagnostics[1]
      Request starting HTTP/1.1 GET http://localhost:5000/api/definitions/f64b5467-7b1c-4f92-95c9-db6a00032af1/yaml - - -
info: Microsoft.AspNetCore.Hosting.Diagnostics[1]
      Request starting HTTP/1.1 POST http://localhost:5173/hubs/workflow/negotiate?negotiateVersion=1 - - 0
info: Microsoft.AspNetCore.Hosting.Diagnostics[1]
      Request starting HTTP/1.1 GET http://localhost:5000/api/definitions/f64b5467-7b1c-4f92-95c9-db6a00032af1/versions - application/json -
info: Microsoft.AspNetCore.Cors.Infrastructure.CorsService[4]
      CORS policy execution successful.
info: Microsoft.AspNetCore.Cors.Infrastructure.CorsService[4]
      CORS policy execution successful.
info: Microsoft.Hosting.Lifetime[0]
      Application started. Press Ctrl+C to shut down.
info: Microsoft.Hosting.Lifetime[0]
      Hosting environment: Development
info: Microsoft.Hosting.Lifetime[0]
      Content root path: C:\OAM\src\OAM.Api
dbug: Microsoft.Extensions.Hosting.Internal.Host[2]
      Hosting started
info: Microsoft.AspNetCore.Routing.EndpointMiddleware[0]
      Executing endpoint '/hubs/workflow/negotiate'
info: Microsoft.AspNetCore.Routing.EndpointMiddleware[0]
      Executing endpoint 'HTTP: GET /api/definitions/{id:guid}'
info: Microsoft.AspNetCore.Routing.EndpointMiddleware[0]
      Executing endpoint 'HTTP: GET /api/definitions/{id:guid}/versions'
info: Microsoft.AspNetCore.Routing.EndpointMiddleware[0]
      Executing endpoint 'HTTP: GET /api/definitions/{id:guid}/yaml'
info: Microsoft.AspNetCore.Routing.EndpointMiddleware[0]
      Executing endpoint '/hubs/workflow/negotiate'
dbug: Microsoft.EntityFrameworkCore.Infrastructure[10403]
      Entity Framework Core 10.0.5 initialized 'OamDbContext' using provider 'Microsoft.EntityFrameworkCore.Sqlite:10.0.5' with options: None
dbug: Microsoft.EntityFrameworkCore.Infrastructure[10403]
      Entity Framework Core 10.0.5 initialized 'OamDbContext' using provider 'Microsoft.EntityFrameworkCore.Sqlite:10.0.5' with options: None
dbug: Microsoft.EntityFrameworkCore.Infrastructure[10403]
      Entity Framework Core 10.0.5 initialized 'OamDbContext' using provider 'Microsoft.EntityFrameworkCore.Sqlite:10.0.5' with options: None
info: Microsoft.AspNetCore.Routing.EndpointMiddleware[1]
      Executed endpoint '/hubs/workflow/negotiate'
info: Microsoft.AspNetCore.Routing.EndpointMiddleware[1]
      Executed endpoint '/hubs/workflow/negotiate'
info: Microsoft.AspNetCore.Hosting.Diagnostics[1]
      Request starting HTTP/1.1 GET http://localhost:5173/hubs/workflow?id=QGqF5zx_3SECFoxnD-hPmg&access_token=eyJhbGciOiJIUzI1NiIsInR5cCI6IkpXVCJ9.eyJodHRwOi8vc2NoZW1hcy54bWxzb2FwLm9yZy93cy8yMDA1LzA1L2lkZW50aXR5L2NsYWltcy9uYW1lIjoiaW5mb2wiLCJodHRwOi8vc2NoZW1hcy5taWNyb3NvZnQuY29tL3dzLzIwMDgvMDYvaWRlbnRpdHkvY2xhaW1zL2F1dGhlbnRpY2F0aW9ubWV0aG9kIjoiRGV2IiwianRpIjoiYzczMjI1ZTUtZTg0Ni00YWQ4LWJjNDMtY2MxOTRkZDllZmVjIiwiZXhwIjoxNzc0ODk5MzE4LCJpc3MiOiJPQU0iLCJhdWQiOiJPQU0tRnJvbnRlbmQifQ.piK5RkB-4_ujagsH4LEo53eyWR9M6xqujCNSdvLx-bg - - -
info: Microsoft.AspNetCore.Cors.Infrastructure.CorsService[4]
      CORS policy execution successful.
info: Microsoft.AspNetCore.Hosting.Diagnostics[2]
      Request finished HTTP/1.1 POST http://localhost:5173/hubs/workflow/negotiate?negotiateVersion=1 - 200 316 application/json 284.0397ms
info: Microsoft.AspNetCore.Hosting.Diagnostics[2]
      Request finished HTTP/1.1 POST http://localhost:5173/hubs/workflow/negotiate?negotiateVersion=1 - 200 316 application/json 309.5414ms
info: Microsoft.AspNetCore.Routing.EndpointMiddleware[0]
      Executing endpoint '/hubs/workflow'
dbug: Microsoft.EntityFrameworkCore.Query[10111]
      Compiling query expression: 
      'DbSet<VersionDefinitionWorkflow>()
          .Where(v => v.DefinitionWorkflowId == @definitionId)
          .OrderByDescending(v => v.DateChargement)'
dbug: Microsoft.EntityFrameworkCore.Query[10111]
      Compiling query expression: 
      'DbSet<DefinitionWorkflow>()
          .Include(d => d.Versions
              .OrderByDescending(v => v.DateChargement)
              .Take(5))
          .FirstOrDefault(d => d.Id == @id)'
dbug: Microsoft.EntityFrameworkCore.Query[10112]
      Including navigation: 'DefinitionWorkflow.Versions'.
dbug: Microsoft.EntityFrameworkCore.Query[10107]
      Generated query execution expression: 
      'queryContext => SingleQueryingEnumerable.Create<VersionDefinitionWorkflow>(
          relationalQueryContext: (RelationalQueryContext)queryContext, 
          relationalCommandResolver: parameters => [LIFTABLE Constant: RelationalCommandCache.QueryExpression(
              Projection Mapping:
                  EmptyProjectionMember -> Dictionary<IPropertyBase, int> { [Property: VersionDefinitionWorkflow.Id (Guid) Required PK AfterSave:Throw ValueGenerated.OnAdd, 0], [Property: VersionDefinitionWorkflow.ContenuYaml (string) Required, 1], [Property: VersionDefinitionWorkflow.DateChargement (DateTime) Required, 2], [Property: VersionDefinitionWorkflow.DefinitionWorkflowId (Guid) Required FK Index, 3], [Property: VersionDefinitionWorkflow.DeployePar (string) MaxLength(200), 4], [Property: VersionDefinitionWorkflow.HashVersion (string) Required Index MaxLength(64), 5] }
              SELECT v.Id, v.ContenuYaml, v.DateChargement, v.DefinitionWorkflowId, v.DeployePar, v.HashVersion
              FROM VersionsDefinitionWorkflow AS v
              WHERE v.DefinitionWorkflowId == @definitionId
              ORDER BY v.DateChargement DESC) | Resolver: c => new RelationalCommandCache(
              c.Dependencies.MemoryCache, 
              c.RelationalDependencies.QuerySqlGeneratorFactory, 
              c.RelationalDependencies.RelationalParameterBasedSqlProcessorFactory, 
              Projection Mapping:
                  EmptyProjectionMember -> Dictionary<IPropertyBase, int> { [Property: VersionDefinitionWorkflow.Id (Guid) Required PK AfterSave:Throw ValueGenerated.OnAdd, 0], [Property: VersionDefinitionWorkflow.ContenuYaml (string) Required, 1], [Property: VersionDefinitionWorkflow.DateChargement (DateTime) Required, 2], [Property: VersionDefinitionWorkflow.DefinitionWorkflowId (Guid) Required FK Index, 3], [Property: VersionDefinitionWorkflow.DeployePar (string) MaxLength(200), 4], [Property: VersionDefinitionWorkflow.HashVersion (string) Required Index MaxLength(64), 5] }
              SELECT v.Id, v.ContenuYaml, v.DateChargement, v.DefinitionWorkflowId, v.DeployePar, v.HashVersion
              FROM VersionsDefinitionWorkflow AS v
              WHERE v.DefinitionWorkflowId == @definitionId
              ORDER BY v.DateChargement DESC, 
              False, 
              MultipleParameters
          )].GetRelationalCommandTemplate(parameters), 
          readerColumns: null, 
          shaper: (queryContext, dataReader, resultContext, resultCoordinator) => 
          {
              VersionDefinitionWorkflow entity;
              entity = 
              {
                  MaterializationContext materializationContext1;
                  IEntityType entityType1;
                  VersionDefinitionWorkflow instance1;
                  InternalEntityEntry entry1;
                  bool hasNullKey1;
                  materializationContext1 = new MaterializationContext(
                      [LIFTABLE Constant: ValueBuffer | Resolver: _ => (object)ValueBuffer.Empty], 
                      queryContext.Context
                  );
                  instance1 = default(VersionDefinitionWorkflow);
                  entry1 = queryContext.TryGetEntry(
                      key: [LIFTABLE Constant: Key: VersionDefinitionWorkflow.Id PK | Resolver: c => c.Dependencies.Model.FindEntityType("OAM.Domain.Entities.VersionDefinitionWorkflow").FindPrimaryKey()], 
                      keyValues: new object[]{ (object)dataReader.GetGuid(0) }, 
                      throwOnNullKey: True, 
                      hasNullKey: hasNullKey1);
                  !(hasNullKey1) ? entry1 != default(InternalEntityEntry) ? 
                  {
                      entityType1 = entry1.EntityType;
                      return instance1 = (VersionDefinitionWorkflow)entry1.Entity;
                  } : 
                  {
                      ISnapshot shadowSnapshot1;
                      shadowSnapshot1 = [LIFTABLE Constant: Snapshot | Resolver: _ => Snapshot.Empty];
                      entityType1 = [LIFTABLE Constant: EntityType: VersionDefinitionWorkflow | Resolver: namelessParameter{0} => namelessParameter{0}.Dependencies.Model.FindEntityType("OAM.Domain.Entities.VersionDefinitionWorkflow")];
                      instance1 = switch (entityType1)
                      {
                          case [LIFTABLE Constant: EntityType: VersionDefinitionWorkflow | Resolver: namelessParameter{1} => namelessParameter{1}.Dependencies.Model.FindEntityType("OAM.Domain.Entities.VersionDefinitionWorkflow")]: 
                              {
                                  return 
                                  {
                                      VersionDefinitionWorkflow instance;
                                      instance = new VersionDefinitionWorkflow();
                                      instance.<Id>k__BackingField = dataReader.GetGuid(0);
                                      instance.<ContenuYaml>k__BackingField = dataReader.GetString(1);
                                      instance.<DateChargement>k__BackingField = dataReader.GetDateTime(2);
                                      instance.<DefinitionWorkflowId>k__BackingField = dataReader.GetGuid(3);
                                      instance.<DeployePar>k__BackingField = dataReader.IsDBNull(4) ? default(string) : dataReader.GetString(4);
                                      instance.<HashVersion>k__BackingField = dataReader.GetString(5);
                                      (instance is IInjectableService) ? ((IInjectableService)instance).Injected(
                                          context: materializationContext1.Context, 
                                          entity: instance, 
                                          queryTrackingBehavior: TrackAll, 
                                          structuralType: [LIFTABLE Constant: EntityType: VersionDefinitionWorkflow | Resolver: namelessParameter{2} => namelessParameter{2}.Dependencies.Model.FindEntityType("OAM.Domain.Entities.VersionDefinitionWorkflow")]) : default(void);
                                      return instance;
                                  }}
                          default: 
                              default(VersionDefinitionWorkflow)
                      }
                      ;
                      entry1 = entityType1 == default(IEntityType) ? default(InternalEntityEntry) : queryContext.StartTracking(
                          entityType: entityType1, 
                          entity: instance1, 
                          snapshot: shadowSnapshot1);
                      return instance1;
                  } : default(void);
                  return instance1;
              };
              return entity;
          }, 
          contextType: OAM.Infrastructure.Data.OamDbContext, 
          standAloneStateManager: False, 
          detailedErrorsEnabled: False, 
          threadSafetyChecksEnabled: True)'
dbug: Microsoft.EntityFrameworkCore.Query[10107]
      Generated query execution expression: 
      'queryContext => ShapedQueryCompilingExpressionVisitor.SingleOrDefaultAsync<DefinitionWorkflow>(
          asyncEnumerable: SingleQueryingEnumerable.Create<DefinitionWorkflow>(
              relationalQueryContext: (RelationalQueryContext)queryContext, 
              relationalCommandResolver: parameters => [LIFTABLE Constant: RelationalCommandCache.QueryExpression(
                  Client Projections:
                      0 -> Dictionary<IPropertyBase, int> { [Property: DefinitionWorkflow.Id (Guid) Required PK AfterSave:Throw ValueGenerated.OnAdd, 0], [Property: DefinitionWorkflow.Actif (bool) Required, 1], [Property: DefinitionWorkflow.ContenuYaml (string) Required, 2], [Property: DefinitionWorkflow.DateCreation (DateTime) Required, 3], [Property: DefinitionWorkflow.DateModification (DateTime) Required, 4], [Property: DefinitionWorkflow.Description (string), 5], [Property: DefinitionWorkflow.Equipe (string) MaxLength(100), 6], [Property: DefinitionWorkflow.HashVersion (string) Required Index MaxLength(64), 7], [Property: DefinitionWorkflow.Nom (string) Required Index MaxLength(200), 8] }
                      1 -> 0
                      2 -> Dictionary<IPropertyBase, int> { [Property: VersionDefinitionWorkflow.Id (Guid) Required PK AfterSave:Throw ValueGenerated.OnAdd, 9], [Property: VersionDefinitionWorkflow.ContenuYaml (string) Required, 10], [Property: VersionDefinitionWorkflow.DateChargement (DateTime) Required, 11], [Property: VersionDefinitionWorkflow.DefinitionWorkflowId (Guid) Required FK Index, 12], [Property: VersionDefinitionWorkflow.DeployePar (string) MaxLength(200), 13], [Property: VersionDefinitionWorkflow.HashVersion (string) Required Index MaxLength(64), 14] }
                      3 -> 9
                  SELECT d0.Id, d0.Actif, d0.ContenuYaml, d0.DateCreation, d0.DateModification, d0.Description, d0.Equipe, d0.HashVersion, d0.Nom, v1.Id, v1.ContenuYaml, v1.DateChargement, v1.DefinitionWorkflowId, v1.DeployePar, v1.HashVersion
                  FROM 
                  (
                      SELECT TOP(1) d.Id, d.Actif, d.ContenuYaml, d.DateCreation, d.DateModification, d.Description, d.Equipe, d.HashVersion, d.Nom
                      FROM DefinitionsWorkflow AS d
                      WHERE d.Id == @id
                  ) AS d0
                  LEFT JOIN 
                  (
                      SELECT v0.Id, v0.ContenuYaml, v0.DateChargement, v0.DefinitionWorkflowId, v0.DeployePar, v0.HashVersion
                      FROM 
                      (
                          SELECT v.Id, v.ContenuYaml, v.DateChargement, v.DefinitionWorkflowId, v.DeployePar, v.HashVersion, ROW_NUMBER() OVER(PARTITION BY v.DefinitionWorkflowId ORDER BY v.DateChargement DESC) AS row
                          FROM VersionsDefinitionWorkflow AS v
                      ) AS v0
                      WHERE v0.row <= 5
                  ) AS v1 ON d0.Id == v1.DefinitionWorkflowId
                  ORDER BY d0.Id ASC, v1.DefinitionWorkflowId ASC, v1.DateChargement DESC) | Resolver: c => new RelationalCommandCache(
                  c.Dependencies.MemoryCache, 
                  c.RelationalDependencies.QuerySqlGeneratorFactory, 
                  c.RelationalDependencies.RelationalParameterBasedSqlProcessorFactory, 
                  Client Projections:
                      0 -> Dictionary<IPropertyBase, int> { [Property: DefinitionWorkflow.Id (Guid) Required PK AfterSave:Throw ValueGenerated.OnAdd, 0], [Property: DefinitionWorkflow.Actif (bool) Required, 1], [Property: DefinitionWorkflow.ContenuYaml (string) Required, 2], [Property: DefinitionWorkflow.DateCreation (DateTime) Required, 3], [Property: DefinitionWorkflow.DateModification (DateTime) Required, 4], [Property: DefinitionWorkflow.Description (string), 5], [Property: DefinitionWorkflow.Equipe (string) MaxLength(100), 6], [Property: DefinitionWorkflow.HashVersion (string) Required Index MaxLength(64), 7], [Property: DefinitionWorkflow.Nom (string) Required Index MaxLength(200), 8] }
                      1 -> 0
                      2 -> Dictionary<IPropertyBase, int> { [Property: VersionDefinitionWorkflow.Id (Guid) Required PK AfterSave:Throw ValueGenerated.OnAdd, 9], [Property: VersionDefinitionWorkflow.ContenuYaml (string) Required, 10], [Property: VersionDefinitionWorkflow.DateChargement (DateTime) Required, 11], [Property: VersionDefinitionWorkflow.DefinitionWorkflowId (Guid) Required FK Index, 12], [Property: VersionDefinitionWorkflow.DeployePar (string) MaxLength(200), 13], [Property: VersionDefinitionWorkflow.HashVersion (string) Required Index MaxLength(64), 14] }
                      3 -> 9
                  SELECT d0.Id, d0.Actif, d0.ContenuYaml, d0.DateCreation, d0.DateModification, d0.Description, d0.Equipe, d0.HashVersion, d0.Nom, v1.Id, v1.ContenuYaml, v1.DateChargement, v1.DefinitionWorkflowId, v1.DeployePar, v1.HashVersion
                  FROM 
                  (
                      SELECT TOP(1) d.Id, d.Actif, d.ContenuYaml, d.DateCreation, d.DateModification, d.Description, d.Equipe, d.HashVersion, d.Nom
                      FROM DefinitionsWorkflow AS d
                      WHERE d.Id == @id
                  ) AS d0
                  LEFT JOIN 
                  (
                      SELECT v0.Id, v0.ContenuYaml, v0.DateChargement, v0.DefinitionWorkflowId, v0.DeployePar, v0.HashVersion
                      FROM 
                      (
                          SELECT v.Id, v.ContenuYaml, v.DateChargement, v.DefinitionWorkflowId, v.DeployePar, v.HashVersion, ROW_NUMBER() OVER(PARTITION BY v.DefinitionWorkflowId ORDER BY v.DateChargement DESC) AS row
                          FROM VersionsDefinitionWorkflow AS v
                      ) AS v0
                      WHERE v0.row <= 5
                  ) AS v1 ON d0.Id == v1.DefinitionWorkflowId
                  ORDER BY d0.Id ASC, v1.DefinitionWorkflowId ASC, v1.DateChargement DESC, 
                  False, 
                  MultipleParameters
              )].GetRelationalCommandTemplate(parameters), 
              readerColumns: null, 
              shaper: (queryContext, dataReader, resultContext, resultCoordinator) => 
              {
                  resultContext.Values == null ? 
                  {
                      DefinitionWorkflow entity;
                      entity = 
                      {
                          MaterializationContext materializationContext1;
                          IEntityType entityType1;
                          DefinitionWorkflow instance1;
                          InternalEntityEntry entry1;
                          bool hasNullKey1;
                          materializationContext1 = new MaterializationContext(
                              [LIFTABLE Constant: ValueBuffer | Resolver: _ => (object)ValueBuffer.Empty], 
                              queryContext.Context
                          );
                          instance1 = default(DefinitionWorkflow);
                          entry1 = queryContext.TryGetEntry(
                              key: [LIFTABLE Constant: Key: DefinitionWorkflow.Id PK | Resolver: c => c.Dependencies.Model.FindEntityType("OAM.Domain.Entities.DefinitionWorkflow").FindPrimaryKey()], 
                              keyValues: new object[]{ (object)dataReader.GetGuid(0) }, 
                              throwOnNullKey: True, 
                              hasNullKey: hasNullKey1);
                          !(hasNullKey1) ? entry1 != default(InternalEntityEntry) ? 
                          {
                              entityType1 = entry1.EntityType;
                              return instance1 = (DefinitionWorkflow)entry1.Entity;
                          } : 
                          {
                              ISnapshot shadowSnapshot1;
                              shadowSnapshot1 = [LIFTABLE Constant: Snapshot | Resolver: _ => Snapshot.Empty];
                              entityType1 = [LIFTABLE Constant: EntityType: DefinitionWorkflow | Resolver: namelessParameter{0} => namelessParameter{0}.Dependencies.Model.FindEntityType("OAM.Domain.Entities.DefinitionWorkflow")];
                              instance1 = switch (entityType1)
                              {
                                  case [LIFTABLE Constant: EntityType: DefinitionWorkflow | Resolver: namelessParameter{1} => namelessParameter{1}.Dependencies.Model.FindEntityType("OAM.Domain.Entities.DefinitionWorkflow")]: 
                                      {
                                          return 
                                          {
                                              DefinitionWorkflow instance;
                                              instance = new DefinitionWorkflow();
                                              instance.<Id>k__BackingField = dataReader.GetGuid(0);
                                              instance.<Actif>k__BackingField = dataReader.GetBoolean(1);
                                              instance.<ContenuYaml>k__BackingField = dataReader.GetString(2);
                                              instance.<DateCreation>k__BackingField = dataReader.GetDateTime(3);
                                              instance.<DateModification>k__BackingField = dataReader.GetDateTime(4);
                                              instance.<Description>k__BackingField = dataReader.IsDBNull(5) ? default(string) : dataReader.GetString(5);
                                              instance.<Equipe>k__BackingField = dataReader.IsDBNull(6) ? default(string) : dataReader.GetString(6);
                                              instance.<HashVersion>k__BackingField = dataReader.GetString(7);
                                              instance.<Nom>k__BackingField = dataReader.GetString(8);
                                              (instance is IInjectableService) ? ((IInjectableService)instance).Injected(
                                                  context: materializationContext1.Context, 
                                                  entity: instance, 
                                                  queryTrackingBehavior: TrackAll, 
                                                  structuralType: [LIFTABLE Constant: EntityType: DefinitionWorkflow | Resolver: namelessParameter{2} => namelessParameter{2}.Dependencies.Model.FindEntityType("OAM.Domain.Entities.DefinitionWorkflow")]) : default(void);
                                              return instance;
                                          }}
                                  default: 
                                      default(DefinitionWorkflow)
                              }
                              ;
                              entry1 = entityType1 == default(IEntityType) ? default(InternalEntityEntry) : queryContext.StartTracking(
                                  entityType: entityType1, 
                                  entity: instance1, 
                                  snapshot: shadowSnapshot1);
                              return instance1;
                          } : default(void);
                          return instance1;
                      };
                      resultContext.Values = new object[]{ entity };
                      ShaperProcessingExpressionVisitor.InitializeIncludeCollection<DefinitionWorkflow, DefinitionWorkflow>(
                          collectionId: 0, 
                          queryContext: queryContext, 
                          dbDataReader: dataReader, 
                          resultCoordinator: resultCoordinator, 
                          entity: (DefinitionWorkflow)(resultContext.Values[0]), 
                          parentIdentifier: [LIFTABLE Constant: Func<QueryContext, DbDataReader, object[]> | Resolver: _ => (queryContext, dataReader) => new object[]{ (object)(Guid?)dataReader.GetGuid(0) }], 
                          outerIdentifier: [LIFTABLE Constant: Func<QueryContext, DbDataReader, object[]> | Resolver: _ => (queryContext, dataReader) => new object[]{ (object)(Guid?)dataReader.GetGuid(0) }], 
                          navigation: [LIFTABLE Constant: Navigation: DefinitionWorkflow.Versions (ICollection<VersionDefinitionWorkflow>) Collection ToDependent VersionDefinitionWorkflow Inverse: DefinitionWorkflow | Resolver: namelessParameter{3} => namelessParameter{3}.Dependencies.Model.FindEntityType("OAM.Domain.Entities.DefinitionWorkflow").FindNavigation("Versions")], 
                          clrCollectionAccessor: [LIFTABLE Constant: ClrCollectionAccessor<DefinitionWorkflow, ICollection<VersionDefinitionWorkflow>, VersionDefinitionWorkflow> | Resolver: namelessParameter{4} => namelessParameter{4}.Dependencies.Model.FindEntityType("OAM.Domain.Entities.DefinitionWorkflow").FindNavigation("Versions").GetCollectionAccessor()], 
                          trackingQuery: True, 
                          setLoaded: True);
                  } : default(void);
                  ShaperProcessingExpressionVisitor.PopulateIncludeCollection<DefinitionWorkflow, VersionDefinitionWorkflow>(
                      collectionId: 0, 
                      queryContext: queryContext, 
                      dbDataReader: dataReader, 
                      resultCoordinator: resultCoordinator, 
                      parentIdentifier: [LIFTABLE Constant: Func<QueryContext, DbDataReader, object[]> | Resolver: _ => (queryContext, dataReader) => new object[]{ (object)(Guid?)dataReader.GetGuid(0) }], 
                      outerIdentifier: [LIFTABLE Constant: Func<QueryContext, DbDataReader, object[]> | Resolver: _ => (queryContext, dataReader) => new object[]{ (object)(Guid?)dataReader.GetGuid(0) }], 
                      selfIdentifier: [LIFTABLE Constant: Func<QueryContext, DbDataReader, object[]> | Resolver: _ => (queryContext, dataReader) => new object[]{ (object)dataReader.IsDBNull(9) ? default(Guid?) : (Guid?)dataReader.GetGuid(9) }], 
                      parentIdentifierValueComparers: [LIFTABLE Constant: Func<object, object, bool>[] { Func<object, object, bool> } | Resolver: _ => new Func<object, object, bool>[]{ (left, right) => left == null ? right == null : right != null && (Guid)left == (Guid)right }], 
                      outerIdentifierValueComparers: [LIFTABLE Constant: Func<object, object, bool>[] { Func<object, object, bool> } | Resolver: _ => new Func<object, object, bool>[]{ (left, right) => left == null ? right == null : right != null && (Guid)left == (Guid)right }], 
                      selfIdentifierValueComparers: [LIFTABLE Constant: Func<object, object, bool>[] { Func<object, object, bool> } | Resolver: _ => new Func<object, object, bool>[]{ (left, right) => left == null ? right == null : right != null && (Guid)left == (Guid)right }], 
                      innerShaper: (queryContext, dataReader, resultContext, resultCoordinator) => 
                      {
                          VersionDefinitionWorkflow entity;
                          entity = 
                          {
                              MaterializationContext materializationContext2;
                              IEntityType entityType2;
                              VersionDefinitionWorkflow instance2;
                              InternalEntityEntry entry2;
                              bool hasNullKey2;
                              materializationContext2 = new MaterializationContext(
                                  [LIFTABLE Constant: ValueBuffer | Resolver: _ => (object)ValueBuffer.Empty], 
                                  queryContext.Context
                              );
                              instance2 = default(VersionDefinitionWorkflow);
                              entry2 = queryContext.TryGetEntry(
                                  key: [LIFTABLE Constant: Key: VersionDefinitionWorkflow.Id PK | Resolver: c => c.Dependencies.Model.FindEntityType("OAM.Domain.Entities.VersionDefinitionWorkflow").FindPrimaryKey()], 
                                  keyValues: new object[]{ dataReader.IsDBNull(9) ? default(object) : (object)dataReader.GetGuid(9) }, 
                                  throwOnNullKey: False, 
                                  hasNullKey: hasNullKey2);
                              !(hasNullKey2) ? entry2 != default(InternalEntityEntry) ? 
                              {
                                  entityType2 = entry2.EntityType;
                                  return instance2 = (VersionDefinitionWorkflow)entry2.Entity;
                              } : 
                              {
                                  ISnapshot shadowSnapshot2;
                                  shadowSnapshot2 = [LIFTABLE Constant: Snapshot | Resolver: _ => Snapshot.Empty];
                                  entityType2 = [LIFTABLE Constant: EntityType: VersionDefinitionWorkflow | Resolver: namelessParameter{5} => namelessParameter{5}.Dependencies.Model.FindEntityType("OAM.Domain.Entities.VersionDefinitionWorkflow")];
                                  instance2 = switch (entityType2)
                                  {
                                      case [LIFTABLE Constant: EntityType: VersionDefinitionWorkflow | Resolver: namelessParameter{6} => namelessParameter{6}.Dependencies.Model.FindEntityType("OAM.Domain.Entities.VersionDefinitionWorkflow")]: 
                                          {
                                              return 
                                              {
                                                  VersionDefinitionWorkflow instance;
                                                  instance = new VersionDefinitionWorkflow();
                                                  instance.<Id>k__BackingField = dataReader.IsDBNull(9) ? default(Guid) : dataReader.GetGuid(9);
                                                  instance.<ContenuYaml>k__BackingField = dataReader.IsDBNull(10) ? default(string) : dataReader.GetString(10);
                                                  instance.<DateChargement>k__BackingField = dataReader.IsDBNull(11) ? default(DateTime) : dataReader.GetDateTime(11);
                                                  instance.<DefinitionWorkflowId>k__BackingField = dataReader.IsDBNull(12) ? default(Guid) : dataReader.GetGuid(12);
                                                  instance.<DeployePar>k__BackingField = dataReader.IsDBNull(13) ? default(string) : dataReader.GetString(13);
                                                  instance.<HashVersion>k__BackingField = dataReader.IsDBNull(14) ? default(string) : dataReader.GetString(14);
                                                  (instance is IInjectableService) ? ((IInjectableService)instance).Injected(
                                                      context: materializationContext2.Context, 
                                                      entity: instance, 
                                                      queryTrackingBehavior: TrackAll, 
                                                      structuralType: [LIFTABLE Constant: EntityType: VersionDefinitionWorkflow | Resolver: namelessParameter{7} => namelessParameter{7}.Dependencies.Model.FindEntityType("OAM.Domain.Entities.VersionDefinitionWorkflow")]) : default(void);
                                                  return instance;
                                              }}
                                      default: 
                                          default(VersionDefinitionWorkflow)
                                  }
                                  ;
                                  entry2 = entityType2 == default(IEntityType) ? default(InternalEntityEntry) : queryContext.StartTracking(
                                      entityType: entityType2, 
                                      entity: instance2, 
                                      snapshot: shadowSnapshot2);
                                  return instance2;
                              } : default(void);
                              return instance2;
                          };
                          return entity;
                      }, 
                      inverseNavigation: [LIFTABLE Constant: Navigation: VersionDefinitionWorkflow.DefinitionWorkflow (DefinitionWorkflow) Required ToPrincipal DefinitionWorkflow Inverse: Versions | Resolver: namelessParameter{8} => namelessParameter{8}.Dependencies.Model.FindEntityType("OAM.Domain.Entities.VersionDefinitionWorkflow").FindNavigation("DefinitionWorkflow")], 
                      fixup: (namelessParameter{9}, namelessParameter{10}) => 
                      {
                          [LIFTABLE Constant: ClrCollectionAccessor<DefinitionWorkflow, ICollection<VersionDefinitionWorkflow>, VersionDefinitionWorkflow> | Resolver: namelessParameter{11} => namelessParameter{11}.Dependencies.Model.FindEntityType("OAM.Domain.Entities.DefinitionWorkflow").FindNavigation("Versions").GetCollectionAccessor()].Add(
                              entity: namelessParameter{9}, 
                              value: namelessParameter{10}, 
                              forMaterialization: True);
                          return namelessParameter{10}.<DefinitionWorkflow>k__BackingField = namelessParameter{9};
                      }, 
                      trackingQuery: True);
                  return IsTrue(resultCoordinator.ResultReady)
                   ? (DefinitionWorkflow)(resultContext.Values[0]) : default(DefinitionWorkflow);
              }, 
              contextType: OAM.Infrastructure.Data.OamDbContext, 
              standAloneStateManager: False, 
              detailedErrorsEnabled: False, 
              threadSafetyChecksEnabled: True), 
          cancellationToken: queryContext.CancellationToken)'
dbug: Microsoft.EntityFrameworkCore.Database.Connection[20005]
      Creating DbConnection.
dbug: Microsoft.EntityFrameworkCore.Database.Connection[20005]
      Creating DbConnection.
dbug: Microsoft.EntityFrameworkCore.Database.Connection[20005]
      Creating DbConnection.
dbug: Microsoft.EntityFrameworkCore.Database.Connection[20006]
      Created DbConnection. (2ms).
dbug: Microsoft.EntityFrameworkCore.Database.Connection[20006]
      Created DbConnection. (4ms).
dbug: Microsoft.EntityFrameworkCore.Database.Connection[20006]
      Created DbConnection. (9ms).
dbug: Microsoft.EntityFrameworkCore.Database.Connection[20000]
      Opening connection to database 'main' on server 'oam_dev.db'.
dbug: Microsoft.EntityFrameworkCore.Database.Connection[20000]
      Opening connection to database 'main' on server 'oam_dev.db'.
dbug: Microsoft.EntityFrameworkCore.Database.Connection[20000]
      Opening connection to database 'main' on server 'oam_dev.db'.
dbug: Microsoft.EntityFrameworkCore.Database.Connection[20001]
      Opened connection to database 'main' on server 'C:\OAM\src\OAM.Api\oam_dev.db'.
dbug: Microsoft.EntityFrameworkCore.Database.Command[20103]
      Creating DbCommand for 'ExecuteReader'.
dbug: Microsoft.EntityFrameworkCore.Database.Connection[20001]
      Opened connection to database 'main' on server 'C:\OAM\src\OAM.Api\oam_dev.db'.
dbug: Microsoft.EntityFrameworkCore.Database.Command[20104]
      Created DbCommand for 'ExecuteReader' (1ms).
dbug: Microsoft.EntityFrameworkCore.Database.Command[20103]
      Creating DbCommand for 'ExecuteReader'.
dbug: Microsoft.EntityFrameworkCore.Database.Connection[20001]
      Opened connection to database 'main' on server 'C:\OAM\src\OAM.Api\oam_dev.db'.
dbug: Microsoft.EntityFrameworkCore.Database.Command[20104]
      Created DbCommand for 'ExecuteReader' (1ms).
dbug: Microsoft.EntityFrameworkCore.Database.Command[20103]
      Creating DbCommand for 'ExecuteReader'.
dbug: Microsoft.EntityFrameworkCore.Database.Command[20104]
      Created DbCommand for 'ExecuteReader' (1ms).
dbug: Microsoft.EntityFrameworkCore.Database.Command[20106]
      Initialized DbCommand for 'ExecuteReader' (69ms).
dbug: Microsoft.EntityFrameworkCore.Database.Command[20106]
      Initialized DbCommand for 'ExecuteReader' (4ms).
dbug: Microsoft.EntityFrameworkCore.Database.Command[20106]
      Initialized DbCommand for 'ExecuteReader' (37ms).
dbug: Microsoft.EntityFrameworkCore.Database.Command[20100]
      Executing DbCommand [Parameters=[@definitionId='?' (DbType = Guid)], CommandType='Text', CommandTimeout='30']
      SELECT "v"."Id", "v"."ContenuYaml", "v"."DateChargement", "v"."DefinitionWorkflowId", "v"."DeployePar", "v"."HashVersion"
      FROM "VersionsDefinitionWorkflow" AS "v"
      WHERE "v"."DefinitionWorkflowId" = @definitionId
      ORDER BY "v"."DateChargement" DESC
dbug: Microsoft.EntityFrameworkCore.Database.Command[20100]
      Executing DbCommand [Parameters=[@id='?' (DbType = Guid)], CommandType='Text', CommandTimeout='30']
      SELECT "d0"."Id", "d0"."Actif", "d0"."ContenuYaml", "d0"."DateCreation", "d0"."DateModification", "d0"."Description", "d0"."Equipe", "d0"."HashVersion", "d0"."Nom", "v1"."Id", "v1"."ContenuYaml", "v1"."DateChargement", "v1"."DefinitionWorkflowId", "v1"."DeployePar", "v1"."HashVersion"
      FROM (
          SELECT "d"."Id", "d"."Actif", "d"."ContenuYaml", "d"."DateCreation", "d"."DateModification", "d"."Description", "d"."Equipe", "d"."HashVersion", "d"."Nom"
          FROM "DefinitionsWorkflow" AS "d"
          WHERE "d"."Id" = @id
          LIMIT 1
      ) AS "d0"
      LEFT JOIN (
          SELECT "v0"."Id", "v0"."ContenuYaml", "v0"."DateChargement", "v0"."DefinitionWorkflowId", "v0"."DeployePar", "v0"."HashVersion"
          FROM (
              SELECT "v"."Id", "v"."ContenuYaml", "v"."DateChargement", "v"."DefinitionWorkflowId", "v"."DeployePar", "v"."HashVersion", ROW_NUMBER() OVER(PARTITION BY "v"."DefinitionWorkflowId" ORDER BY "v"."DateChargement" DESC) AS "row"
              FROM "VersionsDefinitionWorkflow" AS "v"
          ) AS "v0"
          WHERE "v0"."row" <= 5
      ) AS "v1" ON "d0"."Id" = "v1"."DefinitionWorkflowId"
      ORDER BY "d0"."Id", "v1"."DefinitionWorkflowId", "v1"."DateChargement" DESC
dbug: Microsoft.EntityFrameworkCore.Database.Command[20100]
      Executing DbCommand [Parameters=[@id='?' (DbType = Guid)], CommandType='Text', CommandTimeout='30']
      SELECT "d0"."Id", "d0"."Actif", "d0"."ContenuYaml", "d0"."DateCreation", "d0"."DateModification", "d0"."Description", "d0"."Equipe", "d0"."HashVersion", "d0"."Nom", "v1"."Id", "v1"."ContenuYaml", "v1"."DateChargement", "v1"."DefinitionWorkflowId", "v1"."DeployePar", "v1"."HashVersion"
      FROM (
          SELECT "d"."Id", "d"."Actif", "d"."ContenuYaml", "d"."DateCreation", "d"."DateModification", "d"."Description", "d"."Equipe", "d"."HashVersion", "d"."Nom"
          FROM "DefinitionsWorkflow" AS "d"
          WHERE "d"."Id" = @id
          LIMIT 1
      ) AS "d0"
      LEFT JOIN (
          SELECT "v0"."Id", "v0"."ContenuYaml", "v0"."DateChargement", "v0"."DefinitionWorkflowId", "v0"."DeployePar", "v0"."HashVersion"
          FROM (
              SELECT "v"."Id", "v"."ContenuYaml", "v"."DateChargement", "v"."DefinitionWorkflowId", "v"."DeployePar", "v"."HashVersion", ROW_NUMBER() OVER(PARTITION BY "v"."DefinitionWorkflowId" ORDER BY "v"."DateChargement" DESC) AS "row"
              FROM "VersionsDefinitionWorkflow" AS "v"
          ) AS "v0"
          WHERE "v0"."row" <= 5
      ) AS "v1" ON "d0"."Id" = "v1"."DefinitionWorkflowId"
      ORDER BY "d0"."Id", "v1"."DefinitionWorkflowId", "v1"."DateChargement" DESC
info: Microsoft.EntityFrameworkCore.Database.Command[20101]
      Executed DbCommand (14ms) [Parameters=[@definitionId='?' (DbType = Guid)], CommandType='Text', CommandTimeout='30']
      SELECT "v"."Id", "v"."ContenuYaml", "v"."DateChargement", "v"."DefinitionWorkflowId", "v"."DeployePar", "v"."HashVersion"
      FROM "VersionsDefinitionWorkflow" AS "v"
      WHERE "v"."DefinitionWorkflowId" = @definitionId
      ORDER BY "v"."DateChargement" DESC
info: Microsoft.EntityFrameworkCore.Database.Command[20101]
      Executed DbCommand (13ms) [Parameters=[@id='?' (DbType = Guid)], CommandType='Text', CommandTimeout='30']
      SELECT "d0"."Id", "d0"."Actif", "d0"."ContenuYaml", "d0"."DateCreation", "d0"."DateModification", "d0"."Description", "d0"."Equipe", "d0"."HashVersion", "d0"."Nom", "v1"."Id", "v1"."ContenuYaml", "v1"."DateChargement", "v1"."DefinitionWorkflowId", "v1"."DeployePar", "v1"."HashVersion"
      FROM (
          SELECT "d"."Id", "d"."Actif", "d"."ContenuYaml", "d"."DateCreation", "d"."DateModification", "d"."Description", "d"."Equipe", "d"."HashVersion", "d"."Nom"
          FROM "DefinitionsWorkflow" AS "d"
          WHERE "d"."Id" = @id
          LIMIT 1
      ) AS "d0"
      LEFT JOIN (
          SELECT "v0"."Id", "v0"."ContenuYaml", "v0"."DateChargement", "v0"."DefinitionWorkflowId", "v0"."DeployePar", "v0"."HashVersion"
          FROM (
              SELECT "v"."Id", "v"."ContenuYaml", "v"."DateChargement", "v"."DefinitionWorkflowId", "v"."DeployePar", "v"."HashVersion", ROW_NUMBER() OVER(PARTITION BY "v"."DefinitionWorkflowId" ORDER BY "v"."DateChargement" DESC) AS "row"
              FROM "VersionsDefinitionWorkflow" AS "v"
          ) AS "v0"
          WHERE "v0"."row" <= 5
      ) AS "v1" ON "d0"."Id" = "v1"."DefinitionWorkflowId"
      ORDER BY "d0"."Id", "v1"."DefinitionWorkflowId", "v1"."DateChargement" DESC
info: Microsoft.EntityFrameworkCore.Database.Command[20101]
      Executed DbCommand (16ms) [Parameters=[@id='?' (DbType = Guid)], CommandType='Text', CommandTimeout='30']
      SELECT "d0"."Id", "d0"."Actif", "d0"."ContenuYaml", "d0"."DateCreation", "d0"."DateModification", "d0"."Description", "d0"."Equipe", "d0"."HashVersion", "d0"."Nom", "v1"."Id", "v1"."ContenuYaml", "v1"."DateChargement", "v1"."DefinitionWorkflowId", "v1"."DeployePar", "v1"."HashVersion"
      FROM (
          SELECT "d"."Id", "d"."Actif", "d"."ContenuYaml", "d"."DateCreation", "d"."DateModification", "d"."Description", "d"."Equipe", "d"."HashVersion", "d"."Nom"
          FROM "DefinitionsWorkflow" AS "d"
          WHERE "d"."Id" = @id
          LIMIT 1
      ) AS "d0"
      LEFT JOIN (
          SELECT "v0"."Id", "v0"."ContenuYaml", "v0"."DateChargement", "v0"."DefinitionWorkflowId", "v0"."DeployePar", "v0"."HashVersion"
          FROM (
              SELECT "v"."Id", "v"."ContenuYaml", "v"."DateChargement", "v"."DefinitionWorkflowId", "v"."DeployePar", "v"."HashVersion", ROW_NUMBER() OVER(PARTITION BY "v"."DefinitionWorkflowId" ORDER BY "v"."DateChargement" DESC) AS "row"
              FROM "VersionsDefinitionWorkflow" AS "v"
          ) AS "v0"
          WHERE "v0"."row" <= 5
      ) AS "v1" ON "d0"."Id" = "v1"."DefinitionWorkflowId"
      ORDER BY "d0"."Id", "v1"."DefinitionWorkflowId", "v1"."DateChargement" DESC
dbug: Microsoft.EntityFrameworkCore.ChangeTracking[10806]
      Context 'OamDbContext' started tracking 'DefinitionWorkflow' entity. Consider using 'DbContextOptionsBuilder.EnableSensitiveDataLogging' to see key values.
dbug: Microsoft.EntityFrameworkCore.ChangeTracking[10806]
      Context 'OamDbContext' started tracking 'DefinitionWorkflow' entity. Consider using 'DbContextOptionsBuilder.EnableSensitiveDataLogging' to see key values.
dbug: Microsoft.EntityFrameworkCore.ChangeTracking[10806]
      Context 'OamDbContext' started tracking 'VersionDefinitionWorkflow' entity. Consider using 'DbContextOptionsBuilder.EnableSensitiveDataLogging' to see key values.
dbug: Microsoft.EntityFrameworkCore.ChangeTracking[10806]
      Context 'OamDbContext' started tracking 'VersionDefinitionWorkflow' entity. Consider using 'DbContextOptionsBuilder.EnableSensitiveDataLogging' to see key values.
dbug: Microsoft.EntityFrameworkCore.ChangeTracking[10806]
      Context 'OamDbContext' started tracking 'VersionDefinitionWorkflow' entity. Consider using 'DbContextOptionsBuilder.EnableSensitiveDataLogging' to see key values.
dbug: Microsoft.EntityFrameworkCore.ChangeTracking[10806]
      Context 'OamDbContext' started tracking 'VersionDefinitionWorkflow' entity. Consider using 'DbContextOptionsBuilder.EnableSensitiveDataLogging' to see key values.
dbug: Microsoft.EntityFrameworkCore.ChangeTracking[10806]
      Context 'OamDbContext' started tracking 'VersionDefinitionWorkflow' entity. Consider using 'DbContextOptionsBuilder.EnableSensitiveDataLogging' to see key values.
dbug: Microsoft.EntityFrameworkCore.Database.Command[20301]
      Closing data reader to 'main' on server 'C:\OAM\src\OAM.Api\oam_dev.db'.
dbug: Microsoft.EntityFrameworkCore.Database.Command[20300]
      A data reader for 'main' on server 'C:\OAM\src\OAM.Api\oam_dev.db' is being disposed after spending 76ms reading results.
dbug: Microsoft.EntityFrameworkCore.Database.Connection[20002]
      Closing connection to database 'main' on server 'C:\OAM\src\OAM.Api\oam_dev.db'.
dbug: Microsoft.EntityFrameworkCore.Database.Connection[20003]
      Closed connection to database 'main' on server 'oam_dev.db' (3ms).
info: Microsoft.AspNetCore.Http.Result.OkObjectResult[1]
      Setting HTTP status code 200.
info: Microsoft.AspNetCore.Http.Result.OkObjectResult[3]
      Writing value of type 'ListSelectIterator`2' as Json.
dbug: Microsoft.EntityFrameworkCore.ChangeTracking[10806]
      Context 'OamDbContext' started tracking 'VersionDefinitionWorkflow' entity. Consider using 'DbContextOptionsBuilder.EnableSensitiveDataLogging' to see key values.
dbug: Microsoft.EntityFrameworkCore.ChangeTracking[10806]
      Context 'OamDbContext' started tracking 'VersionDefinitionWorkflow' entity. Consider using 'DbContextOptionsBuilder.EnableSensitiveDataLogging' to see key values.
dbug: Microsoft.EntityFrameworkCore.ChangeTracking[10806]
      Context 'OamDbContext' started tracking 'VersionDefinitionWorkflow' entity. Consider using 'DbContextOptionsBuilder.EnableSensitiveDataLogging' to see key values.
dbug: Microsoft.EntityFrameworkCore.ChangeTracking[10806]
      Context 'OamDbContext' started tracking 'VersionDefinitionWorkflow' entity. Consider using 'DbContextOptionsBuilder.EnableSensitiveDataLogging' to see key values.
dbug: Microsoft.EntityFrameworkCore.ChangeTracking[10806]
      Context 'OamDbContext' started tracking 'VersionDefinitionWorkflow' entity. Consider using 'DbContextOptionsBuilder.EnableSensitiveDataLogging' to see key values.
dbug: Microsoft.EntityFrameworkCore.ChangeTracking[10806]
      Context 'OamDbContext' started tracking 'VersionDefinitionWorkflow' entity. Consider using 'DbContextOptionsBuilder.EnableSensitiveDataLogging' to see key values.
dbug: Microsoft.EntityFrameworkCore.ChangeTracking[10806]
      Context 'OamDbContext' started tracking 'VersionDefinitionWorkflow' entity. Consider using 'DbContextOptionsBuilder.EnableSensitiveDataLogging' to see key values.
dbug: Microsoft.EntityFrameworkCore.ChangeTracking[10806]
      Context 'OamDbContext' started tracking 'VersionDefinitionWorkflow' entity. Consider using 'DbContextOptionsBuilder.EnableSensitiveDataLogging' to see key values.
dbug: Microsoft.EntityFrameworkCore.ChangeTracking[10806]
      Context 'OamDbContext' started tracking 'VersionDefinitionWorkflow' entity. Consider using 'DbContextOptionsBuilder.EnableSensitiveDataLogging' to see key values.
dbug: Microsoft.EntityFrameworkCore.ChangeTracking[10806]
      Context 'OamDbContext' started tracking 'VersionDefinitionWorkflow' entity. Consider using 'DbContextOptionsBuilder.EnableSensitiveDataLogging' to see key values.
dbug: Microsoft.EntityFrameworkCore.Database.Command[20301]
      Closing data reader to 'main' on server 'C:\OAM\src\OAM.Api\oam_dev.db'.
dbug: Microsoft.EntityFrameworkCore.Database.Command[20301]
      Closing data reader to 'main' on server 'C:\OAM\src\OAM.Api\oam_dev.db'.
dbug: Microsoft.EntityFrameworkCore.Database.Command[20300]
      A data reader for 'main' on server 'C:\OAM\src\OAM.Api\oam_dev.db' is being disposed after spending 212ms reading results.
dbug: Microsoft.EntityFrameworkCore.Database.Command[20300]
      A data reader for 'main' on server 'C:\OAM\src\OAM.Api\oam_dev.db' is being disposed after spending 212ms reading results.
dbug: Microsoft.EntityFrameworkCore.Database.Connection[20002]
      Closing connection to database 'main' on server 'C:\OAM\src\OAM.Api\oam_dev.db'.
dbug: Microsoft.EntityFrameworkCore.Database.Connection[20002]
      Closing connection to database 'main' on server 'C:\OAM\src\OAM.Api\oam_dev.db'.
dbug: Microsoft.EntityFrameworkCore.Database.Connection[20003]
      Closed connection to database 'main' on server 'oam_dev.db' (2ms).
dbug: Microsoft.EntityFrameworkCore.Database.Connection[20003]
      Closed connection to database 'main' on server 'oam_dev.db' (2ms).
info: Microsoft.AspNetCore.Http.Result.OkObjectResult[1]
      Setting HTTP status code 200.
info: Microsoft.AspNetCore.Http.Result.ContentResult[2]
      Write content with HTTP Response ContentType of text/plain; charset=utf-8
info: Microsoft.AspNetCore.Http.Result.OkObjectResult[3]
      Writing value of type 'DefinitionWorkflowDto' as Json.
info: Microsoft.AspNetCor